---
source: crates/slopty-agent/src/commands.rs
expression: "rendered.join(\"\\n\")"
---
add-dir
advisor
artifacts
auto-mode-setup
autocompact
autofix-pr
background
branch
brief
btw
bug
cd
chrome
cloud-plugins
color
config
context
copy
daemon
design-login
desktop
diff
effort
exit
export
fast
feedback
focus
fork
goal
help
hooks
ide
import
install
install-github-app
install-slack-app
keybindings
login
logout
loops
mcp
memory
mobile
model
passes
permissions
plan
plugin
powerup
privacy-settings
radio
rate-limit-options
release-notes
remote-control
remote-env
rename
restart
resume
rewind
sandbox
scroll-speed
session
setup-bedrock
setup-vertex
skill-doctor
skills
status
stickers
stop
subtask
tasks
teleport
terminal-setup
theme
tui
ultraplan
ultrareview
upgrade
usage
usage-credits
version
voice
web-setup
wellbeing
workflows
