---
source: crates/slopty-tools/src/view.rs
expression: "terminals_text(&o.workers, &o.terminals)"
---
TERM                  STATE       SIZE    VIEWERS  TITLE       CWD           AGENT
mac-studio/0199a1b1   running     120x40  1        zsh         ~/src/slopty  working (title)
mac-studio/0199a1b2   running     120x40  1        claude      ~/src/slopty  waiting: permission for Bash (hooks)
macbook-pro/0199a1b3  exited 101  120x40  1        cargo test  ~/src/web     waiting: a question (hooks)
