---
source: crates/slopty-tools/src/view.rs
expression: events(&page)
---
{
  "events": [
    {
      "seq": 7,
      "at_ms": 100,
      "kind": "worker",
      "worker": "0199a000-0000-7000-8000-000000000001",
      "name": "mac-studio",
      "liveness": "unreachable"
    },
    {
      "seq": 8,
      "at_ms": 101,
      "kind": "agent",
      "worker": "0199a000-0000-7000-8000-000000000001",
      "term": "0199a000-0000-7000-8000-000000000001/0199a1b1-c3d4-7000-8000-00000000abcd",
      "title": "Thread 1",
      "agent": {
        "agent": "claude-code",
        "thread": "0199a000-0000-7000-8000-000000007101",
        "status": "needs_you",
        "waits": null,
        "asks": "Which branch?",
        "needs_human": true
      }
    }
  ],
  "next": 9,
  "missed": 0
}
