---
source: crates/slopty-proto/tests/golden.rs
expression: line
---
{"reply":"permission","decision":{"kind":"allow","updated_input":{"answers":{"Which layout?":"Split"},"questions":[{"header":"Layout","multiSelect":false,"options":[{"label":"Split"},{"label":"Stacked"}],"question":"Which layout?"}]}}}
