---
source: crates/slopty-proto/tests/golden.rs
expression: line
---
{"reply":"doctor","worker":"00000000-0000-0000-0000-000000000077","server":{"address":"127.0.0.1:45560","link":{"state":"linked"}},"version":"0.1.0","exe":"/Applications/Slopty.app/Contents/MacOS/slopty-worker","caps":{"os":"MacOs","os_version":"26.5","arch":"aarch64","cpus":12,"memory":34359738368,"encoders":["Hevc"],"displays":[],"agents":[],"can_capture":true,"can_inject":false,"virtual_displays":false,"version":"0.1.0","lan":[],"wake_on_lan":null,"writes_failing":null},"listen":"[::]:45550","allow":["10.0.0.0/8"],"tailscale":{"state":"up","node":"mac-studio.tail1234.ts.net","ip":"100.64.0.7"},"pasteboard":"allowed","clients":2,"sessions":5,"uptime_secs":86400}
